<?xml version="1.0" encoding="UTF-8"?>
<TestRun id="f2b8951a-086c-4359-b8ac-9cba50ea41e2" name="jakarta@PC-PROG 2014-11-27 14:38:27" runUser="PC-PROG\jakarta" xmlns="http://microsoft.com/schemas/VisualStudio/TeamTest/2010">
  <TestSettings name="Default Test Settings" id="be3d8090-b5f3-4098-8c94-c4a67603b16d">
    <Deployment runDeploymentRoot="jakarta_PC-PROG 2014-11-27 14_38_27">
      <DeploymentItem filename="E:\WRK\WORK\GCH\DEVELOPMENT\Theportal_CUTI\Src\Development\APPBASE\packages\Microsoft.AspNet.WebApi.WebHost.4.0.20710.0\lib\net40\System.Web.Http.WebHost.dll" />
      <DeploymentItem filename="E:\WRK\WORK\GCH\DEVELOPMENT\Theportal_CUTI\Src\Development\APPBASE\packages\Newtonsoft.Json.4.5.6\lib\net40\Newtonsoft.Json.dll" />
      <DeploymentItem filename="E:\WRK\WORK\GCH\DEVELOPMENT\Theportal_CUTI\Src\Development\APPBASE\packages\Microsoft.AspNet.WebApi.Client.4.0.20710.0\lib\net40\System.Net.Http.Formatting.dll" />
      <DeploymentItem filename="E:\WRK\WORK\GCH\DEVELOPMENT\Theportal_CUTI\Src\Development\APPBASE\packages\Microsoft.AspNet.WebPages.2.0.20710.0\lib\net40\System.Web.WebPages.Deployment.dll" />
      <DeploymentItem filename="E:\WRK\WORK\GCH\DEVELOPMENT\Theportal_CUTI\Src\Development\APPBASE\packages\Microsoft.AspNet.WebPages.2.0.20710.0\lib\net40\System.Web.WebPages.Razor.dll" />
      <DeploymentItem filename="E:\WRK\WORK\GCH\DEVELOPMENT\Theportal_CUTI\Src\Development\APPBASE\packages\Microsoft.AspNet.WebApi.Core.4.0.20710.0\lib\net40\System.Web.Http.dll" />
      <DeploymentItem filename="E:\WRK\WORK\GCH\DEVELOPMENT\Theportal_CUTI\Src\Development\APPBASE\packages\Microsoft.Web.Infrastructure.1.0.0.0\lib\net40\Microsoft.Web.Infrastructure.dll" />
      <DeploymentItem filename="E:\WRK\WORK\GCH\DEVELOPMENT\Theportal_CUTI\Src\Development\APPBASE\packages\Microsoft.Net.Http.2.0.20710.0\lib\net40\System.Net.Http.WebRequest.dll" />
      <DeploymentItem filename="E:\WRK\WORK\GCH\DEVELOPMENT\Theportal_CUTI\Src\Development\APPBASE\packages\Microsoft.AspNet.Mvc.4.0.20710.0\lib\net40\System.Web.Mvc.dll" />
      <DeploymentItem filename="E:\WRK\WORK\GCH\DEVELOPMENT\Theportal_CUTI\Src\Development\APPBASE\packages\Microsoft.Net.Http.2.0.20710.0\lib\net40\System.Net.Http.dll" />
      <DeploymentItem filename="E:\WRK\WORK\GCH\DEVELOPMENT\Theportal_CUTI\Src\Development\APPBASE\packages\Microsoft.AspNet.WebPages.2.0.20710.0\lib\net40\System.Web.WebPages.dll" />
      <DeploymentItem filename="E:\WRK\WORK\GCH\DEVELOPMENT\Theportal_CUTI\Src\Development\APPBASE\packages\Microsoft.AspNet.Razor.2.0.20710.0\lib\net40\System.Web.Razor.dll" />
      <DeploymentItem filename="E:\WRK\WORK\GCH\DEVELOPMENT\Theportal_CUTI\Src\Development\APPBASE\APPBASE\bin\APPBASE.dll" />
      <DeploymentItem filename="E:\WRK\WORK\GCH\DEVELOPMENT\Theportal_CUTI\Src\Development\APPBASE\packages\Microsoft.AspNet.WebPages.2.0.20710.0\lib\net40\System.Web.Helpers.dll" />
    </Deployment>
    <Execution>
      <TestTypeSpecific />
      <AgentRule name="Execution Agents">
      </AgentRule>
    </Execution>
  </TestSettings>
  <Times creation="2014-11-27T14:38:27.7312938+07:00" queuing="2014-11-27T14:38:30.6492938+07:00" start="2014-11-27T14:38:30.7882938+07:00" finish="2014-11-27T14:38:31.8142938+07:00" />
  <ResultSummary outcome="Failed">
    <Counters total="3" executed="3" passed="2" error="0" failed="1" timeout="0" aborted="0" inconclusive="0" passedButRunAborted="0" notRunnable="0" notExecuted="0" disconnected="0" warning="0" completed="0" inProgress="0" pending="0" />
  </ResultSummary>
  <TestDefinitions>
    <UnitTest name="Contact" storage="e:\wrk\work\gch\development\theportal_cuti\src\development\appbase\appbase.tests\bin\debug\appbase.tests.dll" id="90d093ef-8d4d-2987-9389-d5f4a6ba185e">
      <Execution id="fdf06d4f-e731-4087-a2fc-1eec6e6f7f4f" />
      <TestMethod codeBase="E:/WRK/WORK/GCH/DEVELOPMENT/Theportal_CUTI/Src/Development/APPBASE/APPBASE.Tests/bin/Debug/APPBASE.Tests.DLL" adapterTypeName="Microsoft.VisualStudio.TestTools.TestTypes.Unit.UnitTestAdapter, Microsoft.VisualStudio.QualityTools.Tips.UnitTest.Adapter, Version=10.0.0.0, Culture=neutral, PublicKeyToken=b03f5f7f11d50a3a" className="APPBASE.Tests.Controllers.HomeControllerTest, APPBASE.Tests, Version=1.0.0.0, Culture=neutral, PublicKeyToken=null" name="Contact" />
    </UnitTest>
    <UnitTest name="Index" storage="e:\wrk\work\gch\development\theportal_cuti\src\development\appbase\appbase.tests\bin\debug\appbase.tests.dll" id="37215a5d-40b8-b8f0-2e8f-672316c9c943">
      <Execution id="47b46c75-f7dd-4264-86ec-7eadc62a9fd1" />
      <TestMethod codeBase="E:/WRK/WORK/GCH/DEVELOPMENT/Theportal_CUTI/Src/Development/APPBASE/APPBASE.Tests/bin/Debug/APPBASE.Tests.DLL" adapterTypeName="Microsoft.VisualStudio.TestTools.TestTypes.Unit.UnitTestAdapter, Microsoft.VisualStudio.QualityTools.Tips.UnitTest.Adapter, Version=10.0.0.0, Culture=neutral, PublicKeyToken=b03f5f7f11d50a3a" className="APPBASE.Tests.Controllers.HomeControllerTest, APPBASE.Tests, Version=1.0.0.0, Culture=neutral, PublicKeyToken=null" name="Index" />
    </UnitTest>
    <UnitTest name="About" storage="e:\wrk\work\gch\development\theportal_cuti\src\development\appbase\appbase.tests\bin\debug\appbase.tests.dll" id="3d866754-8dd7-f892-1a2a-89db2520b905">
      <Execution id="b7ff2c32-367f-440c-abf6-14b753c5938d" />
      <TestMethod codeBase="E:/WRK/WORK/GCH/DEVELOPMENT/Theportal_CUTI/Src/Development/APPBASE/APPBASE.Tests/bin/Debug/APPBASE.Tests.DLL" adapterTypeName="Microsoft.VisualStudio.TestTools.TestTypes.Unit.UnitTestAdapter, Microsoft.VisualStudio.QualityTools.Tips.UnitTest.Adapter, Version=10.0.0.0, Culture=neutral, PublicKeyToken=b03f5f7f11d50a3a" className="APPBASE.Tests.Controllers.HomeControllerTest, APPBASE.Tests, Version=1.0.0.0, Culture=neutral, PublicKeyToken=null" name="About" />
    </UnitTest>
  </TestDefinitions>
  <TestLists>
    <TestList name="Results Not in a List" id="8c84fa94-04c1-424b-9868-57a2d4851a1d" />
    <TestList name="All Loaded Results" id="19431567-8539-422a-85d7-44ee4e166bda" />
  </TestLists>
  <TestEntries>
    <TestEntry testId="37215a5d-40b8-b8f0-2e8f-672316c9c943" executionId="47b46c75-f7dd-4264-86ec-7eadc62a9fd1" testListId="8c84fa94-04c1-424b-9868-57a2d4851a1d" />
    <TestEntry testId="3d866754-8dd7-f892-1a2a-89db2520b905" executionId="b7ff2c32-367f-440c-abf6-14b753c5938d" testListId="8c84fa94-04c1-424b-9868-57a2d4851a1d" />
    <TestEntry testId="90d093ef-8d4d-2987-9389-d5f4a6ba185e" executionId="fdf06d4f-e731-4087-a2fc-1eec6e6f7f4f" testListId="8c84fa94-04c1-424b-9868-57a2d4851a1d" />
  </TestEntries>
  <Results>
    <UnitTestResult executionId="47b46c75-f7dd-4264-86ec-7eadc62a9fd1" testId="37215a5d-40b8-b8f0-2e8f-672316c9c943" testName="Index" computerName="PC-PROG" duration="00:00:00.5210007" startTime="2014-11-27T14:38:30.8352938+07:00" endTime="2014-11-27T14:38:31.7352938+07:00" testType="13cdc9d9-ddb5-4fa4-a97d-d965ccfc6d4b" outcome="Failed" testListId="8c84fa94-04c1-424b-9868-57a2d4851a1d" relativeResultsDirectory="47b46c75-f7dd-4264-86ec-7eadc62a9fd1">
      <Output>
        <ErrorInfo>
          <Message>Assert.AreEqual failed. Expected:&lt;Modify this template to jump-start your ASP.NET MVC application.&gt;. Actual:&lt;(null)&gt;. </Message>
          <StackTrace>   at CallSite.Target(Closure , CallSite , Type , String , Object )
   at System.Dynamic.UpdateDelegates.UpdateAndExecuteVoid3[T0,T1,T2](CallSite site, T0 arg0, T1 arg1, T2 arg2)
   at APPBASE.Tests.Controllers.HomeControllerTest.Index() in E:\WRK\WORK\GCH\DEVELOPMENT\Theportal_CUTI\Src\Development\APPBASE\APPBASE.Tests\Controllers\HomeControllerTest.cs:line 25
</StackTrace>
        </ErrorInfo>
      </Output>
    </UnitTestResult>
    <UnitTestResult executionId="b7ff2c32-367f-440c-abf6-14b753c5938d" testId="3d866754-8dd7-f892-1a2a-89db2520b905" testName="About" computerName="PC-PROG" duration="00:00:00.0326261" startTime="2014-11-27T14:38:31.7362938+07:00" endTime="2014-11-27T14:38:31.7732938+07:00" testType="13cdc9d9-ddb5-4fa4-a97d-d965ccfc6d4b" outcome="Passed" testListId="8c84fa94-04c1-424b-9868-57a2d4851a1d" relativeResultsDirectory="b7ff2c32-367f-440c-abf6-14b753c5938d">
    </UnitTestResult>
    <UnitTestResult executionId="fdf06d4f-e731-4087-a2fc-1eec6e6f7f4f" testId="90d093ef-8d4d-2987-9389-d5f4a6ba185e" testName="Contact" computerName="PC-PROG" duration="00:00:00.0017324" startTime="2014-11-27T14:38:31.7752938+07:00" endTime="2014-11-27T14:38:31.7792938+07:00" testType="13cdc9d9-ddb5-4fa4-a97d-d965ccfc6d4b" outcome="Passed" testListId="8c84fa94-04c1-424b-9868-57a2d4851a1d" relativeResultsDirectory="fdf06d4f-e731-4087-a2fc-1eec6e6f7f4f">
    </UnitTestResult>
  </Results>
</TestRun>